[36mvite v7.1.11 [32mbuilding for production...[36m[39m
transforming...
[32mΓ£ô[39m 8717 modules transformed.
node.exe : [31mΓ£ù[39m Build failed in 10.21s
At C:\Program Files\nodejs\npx.ps1:29 char:3
+   & $NODE_EXE $NPX_CLI_JS $args
+   ~~~~~~~~~~~~~~~~~~~~~~~~~~~~~
    + CategoryInfo          : NotSpecified: ([3 
   1mΓ£ù[39m Build failed in 10.21s:String) []  
  , RemoteException
    + FullyQualifiedErrorId : NativeCommandError
 
[31merror during build:
[31msrc/pages/Insurance-Medplum/index.tsx 
(60:9): "useCoverage" is not exported by 
"src/hooks/useQuery.ts", imported by 
"src/pages/Insurance-Medplum/index.tsx".[31m
file: 
[36mC:/Users/willi/OneDrive/Desktop/Telehealth S
ystem/src/pages/Insurance-Medplum/index.tsx:60:9
[31m
[33m
58: import { showNotification } from 
'@mantine/notifications';
59: import { Coverage, Reference, 
CodeableConcept, Period, Identifier } from 
'@medplum/fhirtypes';
60: import { useCoverage } from 
'../../hooks/useQuery';
             ^
61: import { backendFHIRService } from 
'../../services/backendFHIRService';
[31m
    at getRollupError (file:///C:/Users/willi/One
Drive/Desktop/Telehealth%20System/node_modules/ro
llup/dist/es/shared/parseAst.js:401:41)
    at error (file:///C:/Users/willi/OneDrive/Des
ktop/Telehealth%20System/node_modules/rollup/dist
/es/shared/parseAst.js:397:42)
    at Module.error (file:///C:/Users/willi/OneDr
ive/Desktop/Telehealth%20System/node_modules/roll
up/dist/es/shared/node-entry.js:16939:16)
    at Module.traceVariable (file:///C:/Users/wil
li/OneDrive/Desktop/Telehealth%20System/node_modu
les/rollup/dist/es/shared/node-entry.js:17391:29)
    at ModuleScope.findVariable (file:///C:/Users
/willi/OneDrive/Desktop/Telehealth%20System/node_
modules/rollup/dist/es/shared/node-entry.js:15061
:39)
    at ReturnValueScope.findVariable (file:///C:/
Users/willi/OneDrive/Desktop/Telehealth%20System/
node_modules/rollup/dist/es/shared/node-entry.js:
5642:38)
    at FunctionBodyScope.findVariable (file:///C:
/Users/willi/OneDrive/Desktop/Telehealth%20System
/node_modules/rollup/dist/es/shared/node-entry.js
:5642:38)
    at Identifier.bind (file:///C:/Users/willi/On
eDrive/Desktop/Telehealth%20System/node_modules/r
ollup/dist/es/shared/node-entry.js:5413:40)
    at CallExpression.bind (file:///C:/Users/will
i/OneDrive/Desktop/Telehealth%20System/node_modul
es/rollup/dist/es/shared/node-entry.js:2804:23)
    at CallExpression.bind (file:///C:/Users/will
i/OneDrive/Desktop/Telehealth%20System/node_modul
es/rollup/dist/es/shared/node-entry.js:12108:15)
[39m
