[dotenv@17.2.3] injecting env (9) from server\.env -- tip: ΓÜÖ∩╕Å  override existing env vars with { override: true }
Testing Medplum Connection...
Base URL: https://api.medplum.com
Client ID: ***
Client Secret: ***
Client initialized. Attempting search without explicit login...
Search success (No login)! Total: undefined
